C:\Users\EDY\AppData\Local\Python\pythoncore-3.14-64\Lib\site-packages\paramiko\pkey.py:82: CryptographyDeprecationWarning: TripleDES has been moved to cryptography.hazmat.decrepit.ciphers.algorithms.TripleDES and will be removed from cryptography.hazmat.primitives.ciphers.algorithms in 48.0.0.
  "cipher": algorithms.TripleDES,
C:\Users\EDY\AppData\Local\Python\pythoncore-3.14-64\Lib\site-packages\paramiko\transport.py:253: CryptographyDeprecationWarning: TripleDES has been moved to cryptography.hazmat.decrepit.ciphers.algorithms.TripleDES and will be removed from cryptography.hazmat.primitives.ciphers.algorithms in 48.0.0.
  "class": algorithms.TripleDES,
[1/4] 采集数据 (as of 2026-09-02 16:05) ...
  (使用 raw_cache.json 缓存)
  缓存缺少表F(在途管道), 重新采集 ...
  表A 回款分摊: 477 行 | 表B 客户: 610 行 | 表C 项目明细: 1296 行 | 表E 年度目标: 17 行 | 表F 在途管道: 46 行
[2/4] 清洗 ...
  顾问 106 人 (ACTIVE 10), 公司序列 23 个季度
[3/4] 计算市场阶段 + 顾问决策 ...
  市场阶段: VOLATILE  slope=-0.3088  cv=0.3094
  表E 当前年在职目标合计 800万, 实际(YTD) 609万
  薪资表跳过: ['沈铭骋/曹迎奥(合并行)', '魏菲(重名, 保留首条)', '刘科利/李彩霞(合并行)']
  薪资匹配: 17/106 人使用真实薪资; 管道修正: 5 人有效基数改由在途签约驱动
[4/4] 输出 ...
  排名看板 -> C:/Users/EDY/Documents/kimi/workspace/headhunt_model/output/ranking_board_20260902_1605.json

===== 批量排名 (ACTIVE顾问) =====
排名  姓名             mu     CV   beta     保守产能    年薪(万)  决策         score
1   卞少为         24.52 0.7247 0.1593   316.41     55.8  EMPLOY    316.41
2   赵婉玉          42.1 0.2343 0.2149   173.52    28.92  EMPLOY    173.52
3   王嘉裕         29.44 0.1566-0.8211   133.45    18.12  EMPLOY    133.45
4   罗海霞         25.77 0.2218    1.0     51.1    16.92  PASS       10.22
5   胡婷          12.59 0.7683  0.045    25.69    30.12  PASS        5.14
6   郝志杰          8.55 0.4007    1.0    13.71     8.52  PASS        2.74
7   于肖肖         14.34 0.8986    1.0    11.86     8.52  PASS        2.37
8   王慧           23.4 0.0885 2.5708    10.96    13.32  PASS        0.85
9   李彩霞          2.17 1.4797    1.0     0.82    19.32  PASS        0.16
10  高一凡          4.04 0.9675  2.182      0.0    30.12  PASS         0.0
